Active Conda Environment: wmt21
=== MODERNBERT MULTILINGUAL SENTIMENT EVALUATION ===
Model: clapAI/modernBERT-large-multilingual-sentiment
Total training runs: 3
Expected epochs: 9
Estimated time: ~18 minutes

============================================================
Evaluating ModernBERT-Multilingual-Sentiment
============================================================

Training ModernBERT-Multilingual-Sentiment - LR: 1e-05, Batch: 16, Seed: 42
  Epoch 1: Loss=0.5862, Dev MCC=0.3243
  Epoch 2: Loss=0.4316, Dev MCC=0.3351
  Epoch 3: Loss=0.3829, Dev MCC=0.3492
LR 1e-05: MCC=0.3492, F1-ERR=0.5079, F1-NOT=0.8342

Training ModernBERT-Multilingual-Sentiment - LR: 2e-05, Batch: 16, Seed: 42
  Epoch 1: Loss=0.6123, Dev MCC=0.4113
  Epoch 2: Loss=0.4833, Dev MCC=0.3739
  Epoch 3: Loss=0.3996, Dev MCC=0.3813
LR 2e-05: MCC=0.4113, F1-ERR=0.5688, F1-NOT=0.8413

Training ModernBERT-Multilingual-Sentiment - LR: 3e-05, Batch: 16, Seed: 42
  Epoch 1: Loss=0.5837, Dev MCC=0.3776
  Epoch 2: Loss=0.4478, Dev MCC=0.3606
  Epoch 3: Loss=0.3780, Dev MCC=0.3627
LR 3e-05: MCC=0.3776, F1-ERR=0.5438, F1-NOT=0.8325

======================================================================
FINAL RESULTS
======================================================================
Total Runtime: 44.2 minutes

All Results (Seed 42):
  LR 1e-05: MCC=0.3492, F1-ERR=0.5079, F1-NOT=0.8342
  LR 2e-05: MCC=0.4113, F1-ERR=0.5688, F1-NOT=0.8413
  LR 3e-05: MCC=0.3776, F1-ERR=0.5438, F1-NOT=0.8325

Best Configuration (LR=2e-05):
  MCC: 0.4113
  F1-ERR: 0.5688
  F1-NOT: 0.8413

Comparison with Previous ModernBERT-large:
  Previous MCC: 0.3813
  Current MCC: 0.4113
  Improvement: +0.0300 (Better)

Results saved to output_multilingual_modernbert/multilingual_sentiment_results.json
