Active Conda Environment: wmt21

First 10 (generated → true/pred):

# 1 Generated: 'LET’S THINK STEP BY STEP:\n1. THE ENGLISH TONE AND CONTENT ARE INFORMAL AND PLAYFUL.  \n2. THE GERMAN TRANSLATION MAINTAINS THE INFORMAL TONE BUT LOSES THE NUANCE OF "CAN\'T WAIT" AND "GET MY SOAP FOR THE FREE BATH",'
    True / Pred: NOT / NOT

# 2 Generated: 'LET’S THINK STEP BY STEP:\n1. THE TONE AND SENTIMENT OF THE MESSAGE ARE PRESERVED.  \n2. THE GERMAN TRANSLATION ACCURATELY CONVEYS THE IDEA OF NOMINATING USERS FOR DELETION.  \nTHEREFORE: NOT'
    True / Pred: NOT / NOT

# 3 Generated: 'LET’S THINK STEP BY STEP:\n1. THE ENGLISH PHRASE IS A MIX OF EMOTIONS AND NOISE, MAKING IT DIFFICULT TO TRANSLATE.  \n2. THE GERMAN TRANSLATION MISINTERPRETS THE TONE AND ADDS UNNECESSARY ENTHUSIASM, LOSING THE ORIGINAL MESSAGE.  \n3.'
    True / Pred: ERR / NOT

# 4 Generated: "LET’S THINK STEP BY STEP:\n1. THE ENGLISH TONE AND CRITICISM ARE PRESERVED, BUT THE LANGUAGE IS INFORMAL AND CONTAINS STRONG PROFANITY.  \n2. THE GERMAN TRANSLATION MAINTAINS THE INFORMAL TONE AND STRONG LANGUAGE, BUT THE WORD CHOICE FOR 'CRAP'"
    True / Pred: NOT / NOT

# 5 Generated: "LET’S THINK STEP BY STEP:\n1. THE ENGLISH QUESTIONS ARE ABOUT THE SONG'S NATURE AND TITLE.  \n2. THE GERMAN TRANSLATION ACCURATELY CONVEYS THE SAME QUESTIONS.  \n3. THE WORD ORDER AND PHRASING ARE NATURAL IN GERMAN.  \nTHEREFORE"
    True / Pred: NOT / NOT

# 6 Generated: 'LET’S THINK STEP BY STEP:\n1. THE ENGLISH PHRASE "UNDE CONSTRUCTION" IS A COMMON MISTAKE, LIKELY MEANT TO BE "UNDER CONSTRUCTION".  \n2. THE GERMAN TRANSLATION DOES NOT CORRECT THIS MISTAKE, USING "UNKONSTRUIERT" WHICH'
    True / Pred: ERR / NOT

# 7 Generated: 'LET’S THINK STEP BY STEP:\n1. THE ENGLISH PHRASE "APPROVE" IS TRANSLATED TO "BEGRÜSSE", WHICH IS INCORRECT, AS "BEGRÜSSEN" MEANS "TO GREET" RATHER THAN "TO APPROVE".  \n2. THE'
    True / Pred: ERR / NOT

# 8 Generated: 'LET’S THINK STEP BY STEP:\n1. THE ENGLISH QUESTION STRUCTURE AND VOCABULARY ARE PRESERVED.  \n2. THE GERMAN TRANSLATION MAINTAINS THE SAME TONE AND CLARITY.  \nTHEREFORE: NOT'
    True / Pred: NOT / NOT

# 9 Generated: 'LET’S THINK STEP BY STEP:\n1. THE ENGLISH PHRASE IS INFORMAL AND CONVERSATIONAL, USING "AHM" AND RHETORICAL QUESTIONS.  \n2. THE GERMAN TRANSLATION MAINTAINS THE INFORMAL TONE, BUT THE WORD ORDER AND SENTENCE STRUCTURE ARE AWKWARD, MAKING IT'
    True / Pred: ERR / NOT

#10 Generated: 'LET’S THINK STEP BY STEP:\n1. THE ENGLISH TONE AND QUESTION ARE PRESERVED, BUT THE PHRASE "UM..." IS NOT DIRECTLY TRANSLATED.  \n2. THE GERMAN SENTENCE STRUCTURE IS SLIGHTLY AWKWARD, USING A QUESTION MARK AFTER THE ELLIPSIS.  \nTHEREFORE'
    True / Pred: NOT / NOT


MCC   : 0.0159
F1-ERR: 0.1377
F1-NOT: 0.8088

Confusion Matrix (rows=true │ cols=pred)
      ERR   NOT
ERR     25    256
NOT     57    662
