2025-07-30 00:22:50,700 - Batch 1: size=8, latency=5.384s
2025-07-30 00:22:52,023 - Batch 2: size=8, latency=1.311s
2025-07-30 00:22:53,265 - Batch 3: size=8, latency=1.230s
2025-07-30 00:22:54,479 - Batch 4: size=8, latency=1.205s
2025-07-30 00:22:55,685 - Batch 5: size=8, latency=1.197s
2025-07-30 00:22:56,897 - Batch 6: size=8, latency=1.204s
2025-07-30 00:22:58,110 - Batch 7: size=8, latency=1.204s
2025-07-30 00:22:59,322 - Batch 8: size=8, latency=1.204s
2025-07-30 00:23:00,538 - Batch 9: size=8, latency=1.207s
2025-07-30 00:23:01,755 - Batch 10: size=8, latency=1.208s
2025-07-30 00:23:02,966 - Batch 11: size=8, latency=1.202s
2025-07-30 00:23:04,176 - Batch 12: size=8, latency=1.201s
2025-07-30 00:23:05,395 - Batch 13: size=8, latency=1.210s
2025-07-30 00:23:06,608 - Batch 14: size=8, latency=1.205s
2025-07-30 00:23:07,821 - Batch 15: size=8, latency=1.204s
2025-07-30 00:23:09,030 - Batch 16: size=8, latency=1.199s
2025-07-30 00:23:10,239 - Batch 17: size=8, latency=1.200s
2025-07-30 00:23:11,454 - Batch 18: size=8, latency=1.206s
2025-07-30 00:23:12,664 - Batch 19: size=8, latency=1.202s
2025-07-30 00:23:13,885 - Batch 20: size=8, latency=1.212s
2025-07-30 00:23:15,092 - Batch 21: size=8, latency=1.198s
2025-07-30 00:23:16,305 - Batch 22: size=8, latency=1.204s
2025-07-30 00:23:17,513 - Batch 23: size=8, latency=1.199s
2025-07-30 00:23:18,730 - Batch 24: size=8, latency=1.209s
2025-07-30 00:23:19,937 - Batch 25: size=8, latency=1.198s
2025-07-30 00:23:21,152 - Batch 26: size=8, latency=1.206s
2025-07-30 00:23:22,355 - Batch 27: size=8, latency=1.195s
2025-07-30 00:23:23,557 - Batch 28: size=8, latency=1.194s
2025-07-30 00:23:24,774 - Batch 29: size=8, latency=1.208s
2025-07-30 00:23:25,987 - Batch 30: size=8, latency=1.204s
2025-07-30 00:23:27,196 - Batch 31: size=8, latency=1.201s
2025-07-30 00:23:28,407 - Batch 32: size=8, latency=1.202s
2025-07-30 00:23:29,617 - Batch 33: size=8, latency=1.202s
2025-07-30 00:23:30,823 - Batch 34: size=8, latency=1.197s
2025-07-30 00:23:32,037 - Batch 35: size=8, latency=1.205s
2025-07-30 00:23:33,250 - Batch 36: size=8, latency=1.205s
2025-07-30 00:23:34,464 - Batch 37: size=8, latency=1.206s
2025-07-30 00:23:35,673 - Batch 38: size=8, latency=1.200s
2025-07-30 00:23:36,895 - Batch 39: size=8, latency=1.213s
2025-07-30 00:23:38,107 - Batch 40: size=8, latency=1.203s
2025-07-30 00:23:39,320 - Batch 41: size=8, latency=1.205s
2025-07-30 00:23:40,538 - Batch 42: size=8, latency=1.209s
2025-07-30 00:23:41,748 - Batch 43: size=8, latency=1.202s
2025-07-30 00:23:42,963 - Batch 44: size=8, latency=1.206s
2025-07-30 00:23:44,177 - Batch 45: size=8, latency=1.206s
2025-07-30 00:23:45,393 - Batch 46: size=8, latency=1.207s
2025-07-30 00:23:46,610 - Batch 47: size=8, latency=1.209s
2025-07-30 00:23:47,826 - Batch 48: size=8, latency=1.207s
2025-07-30 00:23:49,044 - Batch 49: size=8, latency=1.209s
2025-07-30 00:23:50,252 - Batch 50: size=8, latency=1.199s
2025-07-30 00:23:51,467 - Batch 51: size=8, latency=1.206s
2025-07-30 00:23:52,683 - Batch 52: size=8, latency=1.208s
2025-07-30 00:23:53,896 - Batch 53: size=8, latency=1.204s
2025-07-30 00:23:55,112 - Batch 54: size=8, latency=1.207s
2025-07-30 00:23:56,327 - Batch 55: size=8, latency=1.207s
2025-07-30 00:23:57,542 - Batch 56: size=8, latency=1.207s
2025-07-30 00:23:58,753 - Batch 57: size=8, latency=1.202s
2025-07-30 00:23:59,966 - Batch 58: size=8, latency=1.204s
2025-07-30 00:24:01,180 - Batch 59: size=8, latency=1.206s
2025-07-30 00:24:02,395 - Batch 60: size=8, latency=1.207s
2025-07-30 00:24:03,612 - Batch 61: size=8, latency=1.209s
2025-07-30 00:24:04,835 - Batch 62: size=8, latency=1.215s
2025-07-30 00:24:06,051 - Batch 63: size=8, latency=1.207s
2025-07-30 00:24:07,268 - Batch 64: size=8, latency=1.208s
2025-07-30 00:24:08,483 - Batch 65: size=8, latency=1.207s
2025-07-30 00:24:09,703 - Batch 66: size=8, latency=1.212s
2025-07-30 00:24:10,923 - Batch 67: size=8, latency=1.212s
2025-07-30 00:24:12,148 - Batch 68: size=8, latency=1.216s
2025-07-30 00:24:13,365 - Batch 69: size=8, latency=1.208s
2025-07-30 00:24:14,576 - Batch 70: size=8, latency=1.203s
2025-07-30 00:24:15,789 - Batch 71: size=8, latency=1.204s
2025-07-30 00:24:17,003 - Batch 72: size=8, latency=1.206s
2025-07-30 00:24:18,223 - Batch 73: size=8, latency=1.211s
2025-07-30 00:24:19,434 - Batch 74: size=8, latency=1.203s
2025-07-30 00:24:20,647 - Batch 75: size=8, latency=1.204s
2025-07-30 00:24:21,862 - Batch 76: size=8, latency=1.207s
2025-07-30 00:24:23,071 - Batch 77: size=8, latency=1.200s
2025-07-30 00:24:24,294 - Batch 78: size=8, latency=1.216s
2025-07-30 00:24:25,516 - Batch 79: size=8, latency=1.213s
2025-07-30 00:24:26,737 - Batch 80: size=8, latency=1.213s
2025-07-30 00:24:27,954 - Batch 81: size=8, latency=1.208s
2025-07-30 00:24:29,166 - Batch 82: size=8, latency=1.203s
2025-07-30 00:24:30,381 - Batch 83: size=8, latency=1.207s
2025-07-30 00:24:31,599 - Batch 84: size=8, latency=1.210s
2025-07-30 00:24:32,824 - Batch 85: size=8, latency=1.216s
2025-07-30 00:24:34,041 - Batch 86: size=8, latency=1.208s
2025-07-30 00:24:35,255 - Batch 87: size=8, latency=1.206s
2025-07-30 00:24:36,469 - Batch 88: size=8, latency=1.205s
2025-07-30 00:24:37,685 - Batch 89: size=8, latency=1.208s
2025-07-30 00:24:38,903 - Batch 90: size=8, latency=1.209s
2025-07-30 00:24:40,122 - Batch 91: size=8, latency=1.211s
2025-07-30 00:24:41,339 - Batch 92: size=8, latency=1.209s
2025-07-30 00:24:42,555 - Batch 93: size=8, latency=1.207s
2025-07-30 00:24:43,769 - Batch 94: size=8, latency=1.206s
2025-07-30 00:24:44,989 - Batch 95: size=8, latency=1.211s
2025-07-30 00:24:46,203 - Batch 96: size=8, latency=1.206s
2025-07-30 00:24:47,416 - Batch 97: size=8, latency=1.205s
2025-07-30 00:24:48,635 - Batch 98: size=8, latency=1.211s
2025-07-30 00:24:49,855 - Batch 99: size=8, latency=1.211s
2025-07-30 00:24:51,069 - Batch 100: size=8, latency=1.205s
2025-07-30 00:24:52,285 - Batch 101: size=8, latency=1.207s
2025-07-30 00:24:53,508 - Batch 102: size=8, latency=1.215s
2025-07-30 00:24:54,726 - Batch 103: size=8, latency=1.210s
2025-07-30 00:24:55,948 - Batch 104: size=8, latency=1.213s
2025-07-30 00:24:57,167 - Batch 105: size=8, latency=1.211s
2025-07-30 00:24:58,390 - Batch 106: size=8, latency=1.215s
2025-07-30 00:24:59,610 - Batch 107: size=8, latency=1.212s
2025-07-30 00:25:00,823 - Batch 108: size=8, latency=1.204s
2025-07-30 00:25:02,041 - Batch 109: size=8, latency=1.210s
2025-07-30 00:25:03,258 - Batch 110: size=8, latency=1.208s
2025-07-30 00:25:04,475 - Batch 111: size=8, latency=1.209s
2025-07-30 00:25:05,693 - Batch 112: size=8, latency=1.209s
2025-07-30 00:25:06,906 - Batch 113: size=8, latency=1.204s
2025-07-30 00:25:08,127 - Batch 114: size=8, latency=1.213s
2025-07-30 00:25:09,343 - Batch 115: size=8, latency=1.208s
2025-07-30 00:25:10,560 - Batch 116: size=8, latency=1.209s
2025-07-30 00:25:11,778 - Batch 117: size=8, latency=1.209s
2025-07-30 00:25:12,994 - Batch 118: size=8, latency=1.208s
2025-07-30 00:25:14,212 - Batch 119: size=8, latency=1.210s
2025-07-30 00:25:15,432 - Batch 120: size=8, latency=1.212s
2025-07-30 00:25:16,652 - Batch 121: size=8, latency=1.211s
2025-07-30 00:25:17,875 - Batch 122: size=8, latency=1.215s
2025-07-30 00:25:19,093 - Batch 123: size=8, latency=1.211s
2025-07-30 00:25:20,310 - Batch 124: size=8, latency=1.208s
2025-07-30 00:25:21,531 - Batch 125: size=8, latency=1.213s
2025-07-30 00:25:21,540 - Total latency: 156.225s
2025-07-30 00:25:21,540 - Total tokens processed: 590306
2025-07-30 00:25:21,540 - Estimated cost (based on $0.002/1K tokens): $1.1806
2025-07-30 00:32:23,632 - Batch 1: size=8, latency=3.898s
2025-07-30 00:32:24,964 - Batch 2: size=8, latency=1.320s
2025-07-30 00:32:26,183 - Batch 3: size=8, latency=1.206s
2025-07-30 00:32:27,396 - Batch 4: size=8, latency=1.205s
2025-07-30 00:32:28,602 - Batch 5: size=8, latency=1.197s
2025-07-30 00:32:29,817 - Batch 6: size=8, latency=1.206s
2025-07-30 00:32:31,031 - Batch 7: size=8, latency=1.205s
2025-07-30 00:32:32,243 - Batch 8: size=8, latency=1.204s
2025-07-30 00:32:33,457 - Batch 9: size=8, latency=1.205s
2025-07-30 00:32:34,672 - Batch 10: size=8, latency=1.206s
2025-07-30 00:32:35,881 - Batch 11: size=8, latency=1.201s
2025-07-30 00:32:37,090 - Batch 12: size=8, latency=1.200s
2025-07-30 00:32:38,309 - Batch 13: size=8, latency=1.210s
2025-07-30 00:32:39,529 - Batch 14: size=8, latency=1.212s
2025-07-30 00:32:40,745 - Batch 15: size=8, latency=1.207s
2025-07-30 00:32:41,954 - Batch 16: size=8, latency=1.200s
2025-07-30 00:32:43,165 - Batch 17: size=8, latency=1.202s
2025-07-30 00:32:44,381 - Batch 18: size=8, latency=1.208s
2025-07-30 00:32:45,592 - Batch 19: size=8, latency=1.203s
2025-07-30 00:32:46,814 - Batch 20: size=8, latency=1.213s
2025-07-30 00:32:48,023 - Batch 21: size=8, latency=1.200s
2025-07-30 00:32:49,238 - Batch 22: size=8, latency=1.206s
2025-07-30 00:32:50,451 - Batch 23: size=8, latency=1.204s
2025-07-30 00:32:51,673 - Batch 24: size=8, latency=1.214s
2025-07-30 00:32:52,886 - Batch 25: size=8, latency=1.204s
2025-07-30 00:32:54,107 - Batch 26: size=8, latency=1.212s
2025-07-30 00:32:55,316 - Batch 27: size=8, latency=1.200s
2025-07-30 00:32:56,525 - Batch 28: size=8, latency=1.201s
2025-07-30 00:32:57,743 - Batch 29: size=8, latency=1.210s
2025-07-30 00:32:58,960 - Batch 30: size=8, latency=1.208s
2025-07-30 00:33:00,172 - Batch 31: size=8, latency=1.203s
2025-07-30 00:33:01,384 - Batch 32: size=8, latency=1.204s
2025-07-30 00:33:02,595 - Batch 33: size=8, latency=1.202s
2025-07-30 00:33:03,803 - Batch 34: size=8, latency=1.198s
2025-07-30 00:33:05,018 - Batch 35: size=8, latency=1.206s
2025-07-30 00:33:06,232 - Batch 36: size=8, latency=1.205s
2025-07-30 00:33:07,447 - Batch 37: size=8, latency=1.206s
2025-07-30 00:33:08,656 - Batch 38: size=8, latency=1.200s
2025-07-30 00:33:09,878 - Batch 39: size=8, latency=1.214s
2025-07-30 00:33:11,090 - Batch 40: size=8, latency=1.204s
2025-07-30 00:33:12,304 - Batch 41: size=8, latency=1.205s
2025-07-30 00:33:13,521 - Batch 42: size=8, latency=1.208s
2025-07-30 00:33:14,731 - Batch 43: size=8, latency=1.201s
2025-07-30 00:33:15,945 - Batch 44: size=8, latency=1.206s
2025-07-30 00:33:17,161 - Batch 45: size=8, latency=1.207s
2025-07-30 00:33:18,377 - Batch 46: size=8, latency=1.208s
2025-07-30 00:33:19,596 - Batch 47: size=8, latency=1.209s
2025-07-30 00:33:20,832 - Batch 48: size=8, latency=1.228s
2025-07-30 00:33:22,051 - Batch 49: size=8, latency=1.210s
2025-07-30 00:33:23,259 - Batch 50: size=8, latency=1.200s
2025-07-30 00:33:24,474 - Batch 51: size=8, latency=1.206s
2025-07-30 00:33:25,691 - Batch 52: size=8, latency=1.208s
2025-07-30 00:33:26,905 - Batch 53: size=8, latency=1.205s
2025-07-30 00:33:28,119 - Batch 54: size=8, latency=1.206s
2025-07-30 00:33:29,333 - Batch 55: size=8, latency=1.205s
2025-07-30 00:33:30,550 - Batch 56: size=8, latency=1.208s
2025-07-30 00:33:31,763 - Batch 57: size=8, latency=1.204s
2025-07-30 00:33:32,977 - Batch 58: size=8, latency=1.206s
2025-07-30 00:33:34,193 - Batch 59: size=8, latency=1.207s
2025-07-30 00:33:35,410 - Batch 60: size=8, latency=1.208s
2025-07-30 00:33:36,629 - Batch 61: size=8, latency=1.210s
2025-07-30 00:33:37,860 - Batch 62: size=8, latency=1.222s
2025-07-30 00:33:39,076 - Batch 63: size=8, latency=1.208s
2025-07-30 00:33:40,296 - Batch 64: size=8, latency=1.211s
2025-07-30 00:33:41,512 - Batch 65: size=8, latency=1.208s
2025-07-30 00:33:42,735 - Batch 66: size=8, latency=1.214s
2025-07-30 00:33:43,955 - Batch 67: size=8, latency=1.212s
2025-07-30 00:33:45,182 - Batch 68: size=8, latency=1.218s
2025-07-30 00:33:46,400 - Batch 69: size=8, latency=1.210s
2025-07-30 00:33:47,614 - Batch 70: size=8, latency=1.205s
2025-07-30 00:33:48,828 - Batch 71: size=8, latency=1.206s
2025-07-30 00:33:50,044 - Batch 72: size=8, latency=1.207s
2025-07-30 00:33:51,266 - Batch 73: size=8, latency=1.213s
2025-07-30 00:33:52,478 - Batch 74: size=8, latency=1.204s
2025-07-30 00:33:53,692 - Batch 75: size=8, latency=1.206s
2025-07-30 00:33:54,908 - Batch 76: size=8, latency=1.207s
2025-07-30 00:33:56,119 - Batch 77: size=8, latency=1.202s
2025-07-30 00:33:57,353 - Batch 78: size=8, latency=1.226s
2025-07-30 00:33:58,603 - Batch 79: size=8, latency=1.241s
2025-07-30 00:33:59,859 - Batch 80: size=8, latency=1.245s
2025-07-30 00:34:01,077 - Batch 81: size=8, latency=1.209s
2025-07-30 00:34:02,293 - Batch 82: size=8, latency=1.208s
2025-07-30 00:34:03,509 - Batch 83: size=8, latency=1.207s
2025-07-30 00:34:04,727 - Batch 84: size=8, latency=1.210s
2025-07-30 00:34:05,953 - Batch 85: size=8, latency=1.217s
2025-07-30 00:34:07,175 - Batch 86: size=8, latency=1.214s
2025-07-30 00:34:08,389 - Batch 87: size=8, latency=1.205s
2025-07-30 00:34:09,604 - Batch 88: size=8, latency=1.206s
2025-07-30 00:34:10,821 - Batch 89: size=8, latency=1.209s
2025-07-30 00:34:12,041 - Batch 90: size=8, latency=1.211s
2025-07-30 00:34:13,262 - Batch 91: size=8, latency=1.213s
2025-07-30 00:34:14,481 - Batch 92: size=8, latency=1.210s
2025-07-30 00:34:15,697 - Batch 93: size=8, latency=1.208s
2025-07-30 00:34:16,912 - Batch 94: size=8, latency=1.207s
2025-07-30 00:34:18,137 - Batch 95: size=8, latency=1.216s
2025-07-30 00:34:19,352 - Batch 96: size=8, latency=1.207s
2025-07-30 00:34:20,565 - Batch 97: size=8, latency=1.205s
2025-07-30 00:34:21,783 - Batch 98: size=8, latency=1.210s
2025-07-30 00:34:23,002 - Batch 99: size=8, latency=1.211s
2025-07-30 00:34:24,215 - Batch 100: size=8, latency=1.204s
2025-07-30 00:34:25,431 - Batch 101: size=8, latency=1.208s
2025-07-30 00:34:26,654 - Batch 102: size=8, latency=1.214s
2025-07-30 00:34:27,873 - Batch 103: size=8, latency=1.211s
2025-07-30 00:34:29,095 - Batch 104: size=8, latency=1.214s
2025-07-30 00:34:30,314 - Batch 105: size=8, latency=1.210s
2025-07-30 00:34:31,536 - Batch 106: size=8, latency=1.214s
2025-07-30 00:34:32,757 - Batch 107: size=8, latency=1.212s
2025-07-30 00:34:33,969 - Batch 108: size=8, latency=1.204s
2025-07-30 00:34:35,188 - Batch 109: size=8, latency=1.210s
2025-07-30 00:34:36,403 - Batch 110: size=8, latency=1.207s
2025-07-30 00:34:37,619 - Batch 111: size=8, latency=1.207s
2025-07-30 00:34:38,836 - Batch 112: size=8, latency=1.209s
2025-07-30 00:34:40,048 - Batch 113: size=8, latency=1.204s
2025-07-30 00:34:41,268 - Batch 114: size=8, latency=1.212s
2025-07-30 00:34:42,485 - Batch 115: size=8, latency=1.209s
2025-07-30 00:34:43,702 - Batch 116: size=8, latency=1.208s
2025-07-30 00:34:44,918 - Batch 117: size=8, latency=1.208s
2025-07-30 00:34:46,133 - Batch 118: size=8, latency=1.207s
2025-07-30 00:34:47,350 - Batch 119: size=8, latency=1.209s
2025-07-30 00:34:48,569 - Batch 120: size=8, latency=1.211s
2025-07-30 00:34:49,787 - Batch 121: size=8, latency=1.210s
2025-07-30 00:34:51,010 - Batch 122: size=8, latency=1.214s
2025-07-30 00:34:52,228 - Batch 123: size=8, latency=1.210s
2025-07-30 00:34:53,444 - Batch 124: size=8, latency=1.207s
2025-07-30 00:34:54,664 - Batch 125: size=8, latency=1.212s
2025-07-30 00:34:54,673 - Total latency: 154.940s
2025-07-30 00:34:54,673 - Total tokens processed: 590306
2025-07-30 00:34:54,673 - Estimated cost (based on $0.002/1K tokens): $1.1806
2025-07-30 00:41:32,658 - Batch 1: size=8, latency=11.550s
2025-07-30 00:41:43,061 - Batch 2: size=8, latency=10.383s
2025-07-30 00:41:52,092 - Batch 3: size=8, latency=9.012s
2025-07-30 00:42:00,414 - Batch 4: size=8, latency=8.302s
2025-07-30 00:42:09,634 - Batch 5: size=8, latency=9.201s
2025-07-30 00:42:19,075 - Batch 6: size=8, latency=9.422s
2025-07-30 00:42:27,360 - Batch 7: size=8, latency=8.266s
2025-07-30 00:42:37,676 - Batch 8: size=8, latency=10.297s
2025-07-30 00:42:47,074 - Batch 9: size=8, latency=9.378s
2025-07-30 00:42:55,418 - Batch 10: size=8, latency=8.326s
2025-07-30 00:43:03,680 - Batch 11: size=8, latency=8.242s
2025-07-30 00:43:12,235 - Batch 12: size=8, latency=8.536s
2025-07-30 00:43:23,341 - Batch 13: size=8, latency=11.087s
2025-07-30 00:43:31,679 - Batch 14: size=8, latency=8.320s
2025-07-30 00:43:39,996 - Batch 15: size=8, latency=8.298s
2025-07-30 00:43:50,646 - Batch 16: size=8, latency=10.631s
2025-07-30 00:43:58,986 - Batch 17: size=8, latency=8.322s
2025-07-30 00:44:07,328 - Batch 18: size=8, latency=8.323s
2025-07-30 00:44:15,629 - Batch 19: size=8, latency=8.282s
2025-07-30 00:44:24,829 - Batch 20: size=8, latency=9.182s
2025-07-30 00:44:33,103 - Batch 21: size=8, latency=8.255s
2025-07-30 00:44:41,388 - Batch 22: size=8, latency=8.266s
2025-07-30 00:44:49,739 - Batch 23: size=8, latency=8.332s
2025-07-30 00:44:59,260 - Batch 24: size=8, latency=9.503s
2025-07-30 00:45:08,167 - Batch 25: size=8, latency=8.889s
2025-07-30 00:45:18,490 - Batch 26: size=8, latency=10.304s
2025-07-30 00:45:27,843 - Batch 27: size=8, latency=9.334s
2025-07-30 00:45:36,409 - Batch 28: size=8, latency=8.547s
2025-07-30 00:45:44,716 - Batch 29: size=8, latency=8.288s
2025-07-30 00:45:53,071 - Batch 30: size=8, latency=8.337s
2025-07-30 00:46:01,417 - Batch 31: size=8, latency=8.327s
2025-07-30 00:46:13,957 - Batch 32: size=8, latency=12.522s
2025-07-30 00:46:23,083 - Batch 33: size=8, latency=9.108s
2025-07-30 00:46:33,311 - Batch 34: size=8, latency=10.209s
2025-07-30 00:46:43,400 - Batch 35: size=8, latency=10.071s
2025-07-30 00:46:51,743 - Batch 36: size=8, latency=8.324s
2025-07-30 00:47:02,311 - Batch 37: size=8, latency=10.549s
2025-07-30 00:47:12,921 - Batch 38: size=8, latency=10.591s
2025-07-30 00:47:22,988 - Batch 39: size=8, latency=10.049s
2025-07-30 00:47:33,787 - Batch 40: size=8, latency=10.780s
2025-07-30 00:47:43,359 - Batch 41: size=8, latency=9.554s
2025-07-30 00:47:53,889 - Batch 42: size=8, latency=10.511s
2025-07-30 00:48:02,204 - Batch 43: size=8, latency=8.296s
2025-07-30 00:48:10,957 - Batch 44: size=8, latency=8.735s
2025-07-30 00:48:19,255 - Batch 45: size=8, latency=8.279s
2025-07-30 00:48:28,417 - Batch 46: size=8, latency=9.143s
2025-07-30 00:48:36,750 - Batch 47: size=8, latency=8.314s
2025-07-30 00:48:45,057 - Batch 48: size=8, latency=8.288s
2025-07-30 00:48:53,459 - Batch 49: size=8, latency=8.383s
2025-07-30 00:49:01,730 - Batch 50: size=8, latency=8.252s
2025-07-30 00:49:10,926 - Batch 51: size=8, latency=9.178s
2025-07-30 00:49:19,243 - Batch 52: size=8, latency=8.298s
2025-07-30 00:49:27,559 - Batch 53: size=8, latency=8.297s
2025-07-30 00:49:35,921 - Batch 54: size=8, latency=8.343s
2025-07-30 00:49:44,240 - Batch 55: size=8, latency=8.300s
2025-07-30 00:49:55,363 - Batch 56: size=8, latency=11.104s
2025-07-30 00:50:04,046 - Batch 57: size=8, latency=8.664s
2025-07-30 00:50:12,519 - Batch 58: size=8, latency=8.454s
2025-07-30 00:50:22,125 - Batch 59: size=8, latency=9.587s
2025-07-30 00:50:32,289 - Batch 60: size=8, latency=10.146s
2025-07-30 00:50:40,644 - Batch 61: size=8, latency=8.337s
2025-07-30 00:50:49,035 - Batch 62: size=8, latency=8.372s
2025-07-30 00:50:57,317 - Batch 63: size=8, latency=8.263s
2025-07-30 00:51:05,623 - Batch 64: size=8, latency=8.287s
2025-07-30 00:51:15,157 - Batch 65: size=8, latency=9.514s
2025-07-30 00:51:23,491 - Batch 66: size=8, latency=8.316s
2025-07-30 00:51:31,805 - Batch 67: size=8, latency=8.295s
2025-07-30 00:51:41,719 - Batch 68: size=8, latency=9.895s
2025-07-30 00:51:50,069 - Batch 69: size=8, latency=8.332s
2025-07-30 00:51:58,484 - Batch 70: size=8, latency=8.396s
2025-07-30 00:52:06,760 - Batch 71: size=8, latency=8.257s
2025-07-30 00:52:17,419 - Batch 72: size=8, latency=10.641s
2025-07-30 00:52:29,029 - Batch 73: size=8, latency=11.591s
2025-07-30 00:52:39,490 - Batch 74: size=8, latency=10.442s
2025-07-30 00:52:49,220 - Batch 75: size=8, latency=9.712s
2025-07-30 00:52:57,532 - Batch 76: size=8, latency=8.294s
2025-07-30 00:53:06,801 - Batch 77: size=8, latency=9.250s
2025-07-30 00:53:15,201 - Batch 78: size=8, latency=8.381s
2025-07-30 00:53:25,361 - Batch 79: size=8, latency=10.141s
2025-07-30 00:53:33,708 - Batch 80: size=8, latency=8.329s
2025-07-30 00:53:44,792 - Batch 81: size=8, latency=11.065s
2025-07-30 00:53:55,250 - Batch 82: size=8, latency=10.439s
2025-07-30 00:54:03,556 - Batch 83: size=8, latency=8.287s
2025-07-30 00:54:11,888 - Batch 84: size=8, latency=8.313s
2025-07-30 00:54:20,278 - Batch 85: size=8, latency=8.372s
2025-07-30 00:54:30,040 - Batch 86: size=8, latency=9.743s
2025-07-30 00:54:39,091 - Batch 87: size=8, latency=9.033s
2025-07-30 00:54:49,067 - Batch 88: size=8, latency=9.957s
2025-07-30 00:54:57,386 - Batch 89: size=8, latency=8.301s
2025-07-30 00:55:05,714 - Batch 90: size=8, latency=8.309s
2025-07-30 00:55:14,021 - Batch 91: size=8, latency=8.289s
2025-07-30 00:55:23,498 - Batch 92: size=8, latency=9.458s
2025-07-30 00:55:31,830 - Batch 93: size=8, latency=8.313s
2025-07-30 00:55:41,373 - Batch 94: size=8, latency=9.524s
2025-07-30 00:55:49,678 - Batch 95: size=8, latency=8.287s
2025-07-30 00:55:57,953 - Batch 96: size=8, latency=8.256s
2025-07-30 00:56:06,233 - Batch 97: size=8, latency=8.262s
2025-07-30 00:56:14,549 - Batch 98: size=8, latency=8.298s
2025-07-30 00:56:22,847 - Batch 99: size=8, latency=8.279s
2025-07-30 00:56:32,723 - Batch 100: size=8, latency=9.858s
2025-07-30 00:56:41,010 - Batch 101: size=8, latency=8.268s
2025-07-30 00:56:52,539 - Batch 102: size=8, latency=11.511s
2025-07-30 00:57:01,478 - Batch 103: size=8, latency=8.920s
2025-07-30 00:57:09,848 - Batch 104: size=8, latency=8.351s
2025-07-30 00:57:18,165 - Batch 105: size=8, latency=8.299s
2025-07-30 00:57:27,369 - Batch 106: size=8, latency=9.185s
2025-07-30 00:57:35,668 - Batch 107: size=8, latency=8.280s
2025-07-30 00:57:43,993 - Batch 108: size=8, latency=8.306s
2025-07-30 00:57:52,313 - Batch 109: size=8, latency=8.301s
2025-07-30 00:58:00,624 - Batch 110: size=8, latency=8.292s
2025-07-30 00:58:08,933 - Batch 111: size=8, latency=8.291s
2025-07-30 00:58:18,090 - Batch 112: size=8, latency=9.138s
2025-07-30 00:58:26,425 - Batch 113: size=8, latency=8.317s
2025-07-30 00:58:37,869 - Batch 114: size=8, latency=11.425s
2025-07-30 00:58:46,183 - Batch 115: size=8, latency=8.295s
2025-07-30 00:58:54,504 - Batch 116: size=8, latency=8.303s
2025-07-30 00:59:02,777 - Batch 117: size=8, latency=8.253s
2025-07-30 00:59:11,117 - Batch 118: size=8, latency=8.322s
2025-07-30 00:59:19,434 - Batch 119: size=8, latency=8.299s
2025-07-30 00:59:28,796 - Batch 120: size=8, latency=9.343s
2025-07-30 00:59:40,344 - Batch 121: size=8, latency=11.529s
2025-07-30 00:59:48,832 - Batch 122: size=8, latency=8.469s
2025-07-30 00:59:57,186 - Batch 123: size=8, latency=8.336s
2025-07-30 01:00:07,911 - Batch 124: size=8, latency=10.706s
2025-07-30 01:00:16,260 - Batch 125: size=8, latency=8.330s
2025-07-30 01:00:16,278 - Total latency: 1135.171s
2025-07-30 01:00:16,278 - Total tokens processed: 1264306
2025-07-30 01:00:16,278 - Estimated cost: $2.5286
2025-07-30 01:12:30,731 - Batch 1: size=8, latency=4.360s
2025-07-30 01:12:32,133 - Batch 2: size=8, latency=1.386s
2025-07-30 01:12:33,497 - Batch 3: size=8, latency=1.353s
2025-07-30 01:12:34,866 - Batch 4: size=8, latency=1.359s
2025-07-30 01:12:36,234 - Batch 5: size=8, latency=1.357s
2025-07-30 01:12:37,606 - Batch 6: size=8, latency=1.361s
2025-07-30 01:12:38,972 - Batch 7: size=8, latency=1.356s
2025-07-30 01:12:40,345 - Batch 8: size=8, latency=1.361s
2025-07-30 01:12:41,716 - Batch 9: size=8, latency=1.361s
2025-07-30 01:12:43,092 - Batch 10: size=8, latency=1.365s
2025-07-30 01:12:44,457 - Batch 11: size=8, latency=1.354s
2025-07-30 01:12:45,826 - Batch 12: size=8, latency=1.359s
2025-07-30 01:12:47,203 - Batch 13: size=8, latency=1.365s
2025-07-30 01:12:48,576 - Batch 14: size=8, latency=1.363s
2025-07-30 01:12:49,951 - Batch 15: size=8, latency=1.364s
2025-07-30 01:12:51,322 - Batch 16: size=8, latency=1.361s
2025-07-30 01:12:52,694 - Batch 17: size=8, latency=1.361s
2025-07-30 01:12:54,067 - Batch 18: size=8, latency=1.363s
2025-07-30 01:12:55,437 - Batch 19: size=8, latency=1.359s
2025-07-30 01:12:56,821 - Batch 20: size=8, latency=1.372s
2025-07-30 01:12:58,192 - Batch 21: size=8, latency=1.361s
2025-07-30 01:12:59,565 - Batch 22: size=8, latency=1.362s
2025-07-30 01:13:00,933 - Batch 23: size=8, latency=1.357s
2025-07-30 01:13:02,325 - Batch 24: size=8, latency=1.382s
2025-07-30 01:13:03,695 - Batch 25: size=8, latency=1.360s
2025-07-30 01:13:05,073 - Batch 26: size=8, latency=1.367s
2025-07-30 01:13:06,445 - Batch 27: size=8, latency=1.361s
2025-07-30 01:13:07,825 - Batch 28: size=8, latency=1.369s
2025-07-30 01:13:09,192 - Batch 29: size=8, latency=1.356s
2025-07-30 01:13:10,565 - Batch 30: size=8, latency=1.363s
2025-07-30 01:13:11,935 - Batch 31: size=8, latency=1.360s
2025-07-30 01:13:13,317 - Batch 32: size=8, latency=1.371s
2025-07-30 01:13:14,687 - Batch 33: size=8, latency=1.360s
2025-07-30 01:13:16,052 - Batch 34: size=8, latency=1.355s
2025-07-30 01:13:17,425 - Batch 35: size=8, latency=1.363s
2025-07-30 01:13:18,796 - Batch 36: size=8, latency=1.361s
2025-07-30 01:13:20,167 - Batch 37: size=8, latency=1.360s
2025-07-30 01:13:21,535 - Batch 38: size=8, latency=1.357s
2025-07-30 01:13:22,911 - Batch 39: size=8, latency=1.366s
2025-07-30 01:13:24,298 - Batch 40: size=8, latency=1.376s
2025-07-30 01:13:25,673 - Batch 41: size=8, latency=1.364s
2025-07-30 01:13:27,046 - Batch 42: size=8, latency=1.362s
2025-07-30 01:13:28,411 - Batch 43: size=8, latency=1.355s
2025-07-30 01:13:29,781 - Batch 44: size=8, latency=1.359s
2025-07-30 01:13:31,150 - Batch 45: size=8, latency=1.358s
2025-07-30 01:13:32,523 - Batch 46: size=8, latency=1.363s
2025-07-30 01:13:33,898 - Batch 47: size=8, latency=1.364s
2025-07-30 01:13:35,265 - Batch 48: size=8, latency=1.357s
2025-07-30 01:13:36,657 - Batch 49: size=8, latency=1.381s
2025-07-30 01:13:38,028 - Batch 50: size=8, latency=1.361s
2025-07-30 01:13:39,403 - Batch 51: size=8, latency=1.364s
2025-07-30 01:13:40,778 - Batch 52: size=8, latency=1.365s
2025-07-30 01:13:42,150 - Batch 53: size=8, latency=1.361s
2025-07-30 01:13:43,538 - Batch 54: size=8, latency=1.378s
2025-07-30 01:13:44,909 - Batch 55: size=8, latency=1.361s
2025-07-30 01:13:46,280 - Batch 56: size=8, latency=1.360s
2025-07-30 01:13:47,650 - Batch 57: size=8, latency=1.360s
2025-07-30 01:13:49,025 - Batch 58: size=8, latency=1.364s
2025-07-30 01:13:50,395 - Batch 59: size=8, latency=1.360s
2025-07-30 01:13:51,783 - Batch 60: size=8, latency=1.378s
2025-07-30 01:13:53,163 - Batch 61: size=8, latency=1.369s
2025-07-30 01:13:54,560 - Batch 62: size=8, latency=1.386s
2025-07-30 01:13:55,934 - Batch 63: size=8, latency=1.363s
2025-07-30 01:13:57,307 - Batch 64: size=8, latency=1.363s
2025-07-30 01:13:58,675 - Batch 65: size=8, latency=1.358s
2025-07-30 01:14:00,057 - Batch 66: size=8, latency=1.371s
2025-07-30 01:14:01,431 - Batch 67: size=8, latency=1.363s
2025-07-30 01:14:02,824 - Batch 68: size=8, latency=1.383s
2025-07-30 01:14:04,213 - Batch 69: size=8, latency=1.379s
2025-07-30 01:14:05,579 - Batch 70: size=8, latency=1.355s
2025-07-30 01:14:06,948 - Batch 71: size=8, latency=1.359s
2025-07-30 01:14:08,323 - Batch 72: size=8, latency=1.364s
2025-07-30 01:14:09,697 - Batch 73: size=8, latency=1.364s
2025-07-30 01:14:11,068 - Batch 74: size=8, latency=1.361s
2025-07-30 01:14:12,444 - Batch 75: size=8, latency=1.366s
2025-07-30 01:14:13,820 - Batch 76: size=8, latency=1.365s
2025-07-30 01:14:15,194 - Batch 77: size=8, latency=1.364s
2025-07-30 01:14:16,585 - Batch 78: size=8, latency=1.381s
2025-07-30 01:14:17,963 - Batch 79: size=8, latency=1.367s
2025-07-30 01:14:19,342 - Batch 80: size=8, latency=1.369s
2025-07-30 01:14:20,715 - Batch 81: size=8, latency=1.363s
2025-07-30 01:14:22,088 - Batch 82: size=8, latency=1.362s
2025-07-30 01:14:23,459 - Batch 83: size=8, latency=1.361s
2025-07-30 01:14:24,834 - Batch 84: size=8, latency=1.365s
2025-07-30 01:14:26,231 - Batch 85: size=8, latency=1.387s
2025-07-30 01:14:27,623 - Batch 86: size=8, latency=1.381s
2025-07-30 01:14:28,997 - Batch 87: size=8, latency=1.364s
2025-07-30 01:14:30,373 - Batch 88: size=8, latency=1.366s
2025-07-30 01:14:31,750 - Batch 89: size=8, latency=1.367s
2025-07-30 01:14:33,127 - Batch 90: size=8, latency=1.366s
2025-07-30 01:14:34,502 - Batch 91: size=8, latency=1.365s
2025-07-30 01:14:35,882 - Batch 92: size=8, latency=1.370s
2025-07-30 01:14:37,262 - Batch 93: size=8, latency=1.370s
2025-07-30 01:14:38,634 - Batch 94: size=8, latency=1.362s
2025-07-30 01:14:40,007 - Batch 95: size=8, latency=1.363s
2025-07-30 01:14:41,380 - Batch 96: size=8, latency=1.362s
2025-07-30 01:14:42,752 - Batch 97: size=8, latency=1.362s
2025-07-30 01:14:44,131 - Batch 98: size=8, latency=1.369s
2025-07-30 01:14:45,508 - Batch 99: size=8, latency=1.366s
2025-07-30 01:14:46,886 - Batch 100: size=8, latency=1.368s
2025-07-30 01:14:48,258 - Batch 101: size=8, latency=1.362s
2025-07-30 01:14:49,650 - Batch 102: size=8, latency=1.381s
2025-07-30 01:14:51,032 - Batch 103: size=8, latency=1.372s
2025-07-30 01:14:52,407 - Batch 104: size=8, latency=1.365s
2025-07-30 01:14:53,785 - Batch 105: size=8, latency=1.368s
2025-07-30 01:14:55,171 - Batch 106: size=8, latency=1.375s
2025-07-30 01:14:56,547 - Batch 107: size=8, latency=1.366s
2025-07-30 01:14:57,924 - Batch 108: size=8, latency=1.367s
2025-07-30 01:14:59,304 - Batch 109: size=8, latency=1.369s
2025-07-30 01:15:00,680 - Batch 110: size=8, latency=1.366s
2025-07-30 01:15:02,053 - Batch 111: size=8, latency=1.363s
2025-07-30 01:15:03,426 - Batch 112: size=8, latency=1.362s
2025-07-30 01:15:04,804 - Batch 113: size=8, latency=1.368s
2025-07-30 01:15:06,184 - Batch 114: size=8, latency=1.370s
2025-07-30 01:15:07,577 - Batch 115: size=8, latency=1.383s
2025-07-30 01:15:08,958 - Batch 116: size=8, latency=1.371s
2025-07-30 01:15:10,330 - Batch 117: size=8, latency=1.361s
2025-07-30 01:15:11,711 - Batch 118: size=8, latency=1.371s
2025-07-30 01:15:13,090 - Batch 119: size=8, latency=1.369s
2025-07-30 01:15:14,467 - Batch 120: size=8, latency=1.367s
2025-07-30 01:15:15,859 - Batch 121: size=8, latency=1.382s
2025-07-30 01:15:17,247 - Batch 122: size=8, latency=1.377s
2025-07-30 01:15:18,657 - Batch 123: size=8, latency=1.400s
2025-07-30 01:15:20,034 - Batch 124: size=8, latency=1.367s
2025-07-30 01:15:21,408 - Batch 125: size=8, latency=1.364s
2025-07-30 01:15:21,419 - Total latency: 175.049s
2025-07-30 01:15:21,419 - Total tokens processed: 736306
2025-07-30 01:15:21,419 - Estimated cost (based on $0.002/1K tokens): $1.4726
